// Jest Snapshot v1, https://goo.gl/fbAQLP

exports[`Signup Tests matchesSnapshot 1`] = `
<DocumentFragment>
  <form
    class="Signup"
  >
    <div>
      <label
        for="username"
      >
         username: 
      </label>
      <input
        id="username"
        name="username"
        type="text"
        value=""
      />
    </div>
    <div>
      <label
        for="password"
      >
         password: 
      </label>
      <input
        id="password"
        name="password"
        type="text"
        value=""
      />
    </div>
    <div>
      <label
        for="firstName"
      >
         firstName: 
      </label>
      <input
        id="firstName"
        name="firstName"
        type="text"
        value=""
      />
    </div>
    <div>
      <label
        for="lastName"
      >
         lastName: 
      </label>
      <input
        id="lastName"
        name="lastName"
        type="text"
        value=""
      />
    </div>
    <div>
      <label
        for="email"
      >
         email: 
      </label>
      <input
        id="email"
        name="email"
        type="text"
        value=""
      />
    </div>
    <button>
      Sign Up!
    </button>
  </form>
</DocumentFragment>
`;
