// Jest Snapshot v1, https://goo.gl/fbAQLP

exports[`matchesSnapshot 1`] = `<DocumentFragment />`;

exports[`matchesSnapshot with currShifts 1`] = `
<DocumentFragment>
  <div
    class="col-xl m-3 p-4 rounded shadow border"
  >
    <div
      class="row align-items-center justify-content-around"
    >
      <h1
        class="display-4 text-center col-12 col-md-3 col-xl-12"
      >
        Current Shifts
      </h1>
      <ul
        class="col-12 col-md-9 col-xl-12"
        id="current-shifts"
      >
        <li
          class="row p-3 align-items-start justify-content-center"
          id="0"
        >
          <div
            class="col-7 text-center h2"
          >
            <span
              class="type"
            >
              testtype 
            </span>
             for
            <span
              class="category"
            >
               testcategory
            </span>
            <div
              class="shift-length"
            >
              Just Started
            </div>
          </div>
          <div
            class="col-12 col-md-5"
          >
            <div
              class="dropdown clockout row align-items-start justify-content-center shadow border rounded"
            >
              <button
                class="btn btn-primary col-10 text-center"
                data-reference="NOW"
                style="border-top-right-radius: 0; border-bottom-right-radius: 0;"
              >
                Clock Out
              </button>
              <button
                class="btn btn-primary col-2 dropdown-toggle text-center"
                data-bs-toggle="dropdown"
                style="border-top-left-radius: 0; border-bottom-left-radius: 0;"
              />
              <div
                class="dropdown-menu bg-primary clock-out p-0 shadow"
                style="border-top-left-radius: 0; border-top-right-radius: 0;"
              >
                <button
                  class="btn btn-block btn-danger text-light m-0"
                >
                  CANCEL SHIFT
                </button>
              </div>
            </div>
          </div>
        </li>
      </ul>
    </div>
  </div>
</DocumentFragment>
`;
